// Jest Snapshot v1, https://goo.gl/fbAQLP

exports[`Header should render an image 1`] = `
<img
  src="./src/images/title.jpg"
/>
`;
